[1.076s] Invoking command in '/home/tom/Desktop/ROS2/ros2_ws/build/carla_autonomy': CONDA_PROMPT_MODIFIER=(ros2) PYTHONPATH=/home/tom/Desktop/ROS2/ros2_ws/build/carla_autonomy/prefix_override:/home/tom/Desktop/ROS2/envs/ros2/lib/python3.10/site-packages/colcon_core/task/python/colcon_distutils_commands:/home/tom/Desktop/ROS2/ros2_ws/install/carla_autonomy/lib/python3.10/site-packages:${PYTHONPATH} /home/tom/Desktop/ROS2/envs/ros2/bin/python3.10 -W ignore:setup.py install is deprecated -W ignore:easy_install command is deprecated setup.py develop --editable --build-directory /home/tom/Desktop/ROS2/ros2_ws/build/carla_autonomy/build --no-deps symlink_data
[1.416s] running develop
[1.604s] running egg_info
[1.632s] writing carla_autonomy.egg-info/PKG-INFO
[1.655s] writing dependency_links to carla_autonomy.egg-info/dependency_links.txt
[1.725s] writing entry points to carla_autonomy.egg-info/entry_points.txt
[1.771s] writing requirements to carla_autonomy.egg-info/requires.txt
[1.793s] writing top-level names to carla_autonomy.egg-info/top_level.txt
[1.826s] reading manifest file 'carla_autonomy.egg-info/SOURCES.txt'
[1.827s] writing manifest file 'carla_autonomy.egg-info/SOURCES.txt'
[1.855s] running build_ext
[1.855s] Creating /home/tom/Desktop/ROS2/ros2_ws/install/carla_autonomy/lib/python3.10/site-packages/carla-autonomy.egg-link (link to .)
[1.856s] Installing carla_bridge script to /home/tom/Desktop/ROS2/ros2_ws/install/carla_autonomy/lib/carla_autonomy
[1.856s] Installing carla_control script to /home/tom/Desktop/ROS2/ros2_ws/install/carla_autonomy/lib/carla_autonomy
[1.856s] Installing make_route script to /home/tom/Desktop/ROS2/ros2_ws/install/carla_autonomy/lib/carla_autonomy
[1.856s] Installing pure_pursuit script to /home/tom/Desktop/ROS2/ros2_ws/install/carla_autonomy/lib/carla_autonomy
[1.856s] 
[1.856s] Installed /home/tom/Desktop/ROS2/ros2_ws/build/carla_autonomy
[1.856s] running symlink_data
[1.870s] Invoked command in '/home/tom/Desktop/ROS2/ros2_ws/build/carla_autonomy' returned '0': CONDA_PROMPT_MODIFIER=(ros2) PYTHONPATH=/home/tom/Desktop/ROS2/ros2_ws/build/carla_autonomy/prefix_override:/home/tom/Desktop/ROS2/envs/ros2/lib/python3.10/site-packages/colcon_core/task/python/colcon_distutils_commands:/home/tom/Desktop/ROS2/ros2_ws/install/carla_autonomy/lib/python3.10/site-packages:${PYTHONPATH} /home/tom/Desktop/ROS2/envs/ros2/bin/python3.10 -W ignore:setup.py install is deprecated -W ignore:easy_install command is deprecated setup.py develop --editable --build-directory /home/tom/Desktop/ROS2/ros2_ws/build/carla_autonomy/build --no-deps symlink_data
