[0.552s] Invoking command in '/home/tom/Desktop/ROS2/ros2_ws/build/carla_autonomy': CONDA_PROMPT_MODIFIER=(test) PYTHONPATH=/home/tom/Desktop/ROS2/ros2_ws/build/carla_autonomy/prefix_override:/home/tom/Desktop/ROS2/envs/ros2/lib/python3.10/site-packages/colcon_core/task/python/colcon_distutils_commands:/home/tom/Desktop/ROS2/ros2_ws/install/carla_autonomy/lib/python3.10/site-packages:${PYTHONPATH} /home/tom/Desktop/ROS2/envs/ros2/bin/python3.10 -W ignore:setup.py install is deprecated -W ignore:easy_install command is deprecated setup.py develop --editable --build-directory /home/tom/Desktop/ROS2/ros2_ws/build/carla_autonomy/build --no-deps symlink_data
[0.706s] running develop
[0.829s] running egg_info
[0.836s] writing carla_autonomy.egg-info/PKG-INFO
[0.836s] writing dependency_links to carla_autonomy.egg-info/dependency_links.txt
[0.836s] writing entry points to carla_autonomy.egg-info/entry_points.txt
[0.836s] writing requirements to carla_autonomy.egg-info/requires.txt
[0.837s] writing top-level names to carla_autonomy.egg-info/top_level.txt
[0.850s] reading manifest file 'carla_autonomy.egg-info/SOURCES.txt'
[0.851s] writing manifest file 'carla_autonomy.egg-info/SOURCES.txt'
[0.858s] running build_ext
[0.858s] Creating /home/tom/Desktop/ROS2/ros2_ws/install/carla_autonomy/lib/python3.10/site-packages/carla-autonomy.egg-link (link to .)
[0.859s] Installing behavior_driver script to /home/tom/Desktop/ROS2/ros2_ws/install/carla_autonomy/lib/carla_autonomy
[0.859s] Installing carla_bridge script to /home/tom/Desktop/ROS2/ros2_ws/install/carla_autonomy/lib/carla_autonomy
[0.859s] Installing carla_control script to /home/tom/Desktop/ROS2/ros2_ws/install/carla_autonomy/lib/carla_autonomy
[0.859s] Installing make_route script to /home/tom/Desktop/ROS2/ros2_ws/install/carla_autonomy/lib/carla_autonomy
[0.859s] Installing mpc_controller script to /home/tom/Desktop/ROS2/ros2_ws/install/carla_autonomy/lib/carla_autonomy
[0.859s] Installing obstacle_detector script to /home/tom/Desktop/ROS2/ros2_ws/install/carla_autonomy/lib/carla_autonomy
[0.859s] Installing pure_pursuit script to /home/tom/Desktop/ROS2/ros2_ws/install/carla_autonomy/lib/carla_autonomy
[0.859s] Installing yolo_detector script to /home/tom/Desktop/ROS2/ros2_ws/install/carla_autonomy/lib/carla_autonomy
[0.859s] 
[0.859s] Installed /home/tom/Desktop/ROS2/ros2_ws/build/carla_autonomy
[0.859s] running symlink_data
[0.878s] Invoked command in '/home/tom/Desktop/ROS2/ros2_ws/build/carla_autonomy' returned '0': CONDA_PROMPT_MODIFIER=(test) PYTHONPATH=/home/tom/Desktop/ROS2/ros2_ws/build/carla_autonomy/prefix_override:/home/tom/Desktop/ROS2/envs/ros2/lib/python3.10/site-packages/colcon_core/task/python/colcon_distutils_commands:/home/tom/Desktop/ROS2/ros2_ws/install/carla_autonomy/lib/python3.10/site-packages:${PYTHONPATH} /home/tom/Desktop/ROS2/envs/ros2/bin/python3.10 -W ignore:setup.py install is deprecated -W ignore:easy_install command is deprecated setup.py develop --editable --build-directory /home/tom/Desktop/ROS2/ros2_ws/build/carla_autonomy/build --no-deps symlink_data
