[0.090s] colcon DEBUG Command line arguments: ['/home/tom/Desktop/ROS2/envs/ros2/bin/colcon', 'build', '--symlink-install']
[0.090s] colcon DEBUG Parsed command line arguments: Namespace(log_base=None, log_level=None, verb_name='build', build_base='build', install_base='install', merge_install=False, symlink_install=True, test_result_base=None, continue_on_error=False, executor='parallel', parallel_workers=32, event_handlers=None, ignore_user_meta=False, metas=['./colcon.meta'], base_paths=['.'], packages_ignore=None, packages_ignore_regex=None, paths=None, packages_up_to=None, packages_up_to_regex=None, packages_above=None, packages_above_and_dependencies=None, packages_above_depth=None, packages_select_by_dep=None, packages_skip_by_dep=None, packages_skip_up_to=None, packages_select_build_failed=False, packages_skip_build_finished=False, packages_select_test_failures=False, packages_skip_test_passed=False, packages_select=None, packages_skip=None, packages_select_regex=None, packages_skip_regex=None, packages_start=None, packages_end=None, cmake_args=None, cmake_target=None, cmake_target_skip_unavailable=False, cmake_clean_cache=False, cmake_clean_first=False, cmake_force_configure=False, ament_cmake_args=None, catkin_cmake_args=None, catkin_skip_building_tests=False, verb_parser=<colcon_defaults.argument_parser.defaults.DefaultArgumentsDecorator object at 0x7a5092409f00>, verb_extension=<colcon_core.verb.build.BuildVerb object at 0x7a5092409930>, main=<bound method BuildVerb.main of <colcon_core.verb.build.BuildVerb object at 0x7a5092409930>>)
[0.119s] colcon.colcon_core.package_discovery Level 1 discover_packages(colcon_meta) check parameters
[0.119s] colcon.colcon_core.package_discovery Level 1 discover_packages(recursive) check parameters
[0.119s] colcon.colcon_core.package_discovery Level 1 discover_packages(ignore) check parameters
[0.119s] colcon.colcon_core.package_discovery Level 1 discover_packages(path) check parameters
[0.119s] colcon.colcon_core.package_discovery Level 1 discover_packages(colcon_meta) discover
[0.119s] colcon.colcon_core.package_discovery Level 1 discover_packages(recursive) discover
[0.119s] colcon.colcon_core.package_discovery INFO Crawling recursively for packages in '/home/tom/Desktop/ROS2/ros2_ws'
[0.120s] colcon.colcon_core.package_identification Level 1 _identify(.) by extensions ['ignore', 'ignore_ament_install']
[0.120s] colcon.colcon_core.package_identification Level 1 _identify(.) by extension 'ignore'
[0.120s] colcon.colcon_core.package_identification Level 1 _identify(.) by extension 'ignore_ament_install'
[0.120s] colcon.colcon_core.package_identification Level 1 _identify(.) by extensions ['colcon_pkg']
[0.120s] colcon.colcon_core.package_identification Level 1 _identify(.) by extension 'colcon_pkg'
[0.120s] colcon.colcon_core.package_identification Level 1 _identify(.) by extensions ['colcon_meta']
[0.120s] colcon.colcon_core.package_identification Level 1 _identify(.) by extension 'colcon_meta'
[0.120s] colcon.colcon_core.package_identification Level 1 _identify(.) by extensions ['ros']
[0.120s] colcon.colcon_core.package_identification Level 1 _identify(.) by extension 'ros'
[0.137s] colcon.colcon_core.package_identification Level 1 _identify(.) by extensions ['cmake', 'python']
[0.137s] colcon.colcon_core.package_identification Level 1 _identify(.) by extension 'cmake'
[0.137s] colcon.colcon_core.package_identification Level 1 _identify(.) by extension 'python'
[0.137s] colcon.colcon_core.package_identification Level 1 _identify(.) by extensions ['python_setup_py']
[0.137s] colcon.colcon_core.package_identification Level 1 _identify(.) by extension 'python_setup_py'
[0.137s] colcon.colcon_core.package_identification Level 1 _identify(build) by extensions ['ignore', 'ignore_ament_install']
[0.137s] colcon.colcon_core.package_identification Level 1 _identify(build) by extension 'ignore'
[0.137s] colcon.colcon_core.package_identification Level 1 _identify(build) ignored
[0.137s] colcon.colcon_core.package_identification Level 1 _identify(install) by extensions ['ignore', 'ignore_ament_install']
[0.137s] colcon.colcon_core.package_identification Level 1 _identify(install) by extension 'ignore'
[0.137s] colcon.colcon_core.package_identification Level 1 _identify(install) ignored
[0.137s] colcon.colcon_core.package_identification Level 1 _identify(log) by extensions ['ignore', 'ignore_ament_install']
[0.137s] colcon.colcon_core.package_identification Level 1 _identify(log) by extension 'ignore'
[0.137s] colcon.colcon_core.package_identification Level 1 _identify(log) ignored
[0.137s] colcon.colcon_core.package_identification Level 1 _identify(src) by extensions ['ignore', 'ignore_ament_install']
[0.137s] colcon.colcon_core.package_identification Level 1 _identify(src) by extension 'ignore'
[0.138s] colcon.colcon_core.package_identification Level 1 _identify(src) by extension 'ignore_ament_install'
[0.138s] colcon.colcon_core.package_identification Level 1 _identify(src) by extensions ['colcon_pkg']
[0.138s] colcon.colcon_core.package_identification Level 1 _identify(src) by extension 'colcon_pkg'
[0.138s] colcon.colcon_core.package_identification Level 1 _identify(src) by extensions ['colcon_meta']
[0.138s] colcon.colcon_core.package_identification Level 1 _identify(src) by extension 'colcon_meta'
[0.138s] colcon.colcon_core.package_identification Level 1 _identify(src) by extensions ['ros']
[0.138s] colcon.colcon_core.package_identification Level 1 _identify(src) by extension 'ros'
[0.138s] colcon.colcon_core.package_identification Level 1 _identify(src) by extensions ['cmake', 'python']
[0.138s] colcon.colcon_core.package_identification Level 1 _identify(src) by extension 'cmake'
[0.138s] colcon.colcon_core.package_identification Level 1 _identify(src) by extension 'python'
[0.138s] colcon.colcon_core.package_identification Level 1 _identify(src) by extensions ['python_setup_py']
[0.138s] colcon.colcon_core.package_identification Level 1 _identify(src) by extension 'python_setup_py'
[0.138s] colcon.colcon_core.package_identification Level 1 _identify(src/carla_autonomy) by extensions ['ignore', 'ignore_ament_install']
[0.138s] colcon.colcon_core.package_identification Level 1 _identify(src/carla_autonomy) by extension 'ignore'
[0.138s] colcon.colcon_core.package_identification Level 1 _identify(src/carla_autonomy) by extension 'ignore_ament_install'
[0.138s] colcon.colcon_core.package_identification Level 1 _identify(src/carla_autonomy) by extensions ['colcon_pkg']
[0.138s] colcon.colcon_core.package_identification Level 1 _identify(src/carla_autonomy) by extension 'colcon_pkg'
[0.138s] colcon.colcon_core.package_identification Level 1 _identify(src/carla_autonomy) by extensions ['colcon_meta']
[0.138s] colcon.colcon_core.package_identification Level 1 _identify(src/carla_autonomy) by extension 'colcon_meta'
[0.138s] colcon.colcon_core.package_identification Level 1 _identify(src/carla_autonomy) by extensions ['ros']
[0.138s] colcon.colcon_core.package_identification Level 1 _identify(src/carla_autonomy) by extension 'ros'
[0.140s] colcon.colcon_core.package_identification DEBUG Package 'src/carla_autonomy' with type 'ros.ament_python' and name 'carla_autonomy'
[0.140s] colcon.colcon_core.package_discovery Level 1 discover_packages(recursive) using defaults
[0.141s] colcon.colcon_core.package_discovery Level 1 discover_packages(ignore) discover
[0.141s] colcon.colcon_core.package_discovery Level 1 discover_packages(ignore) using defaults
[0.141s] colcon.colcon_core.package_discovery Level 1 discover_packages(path) discover
[0.141s] colcon.colcon_core.package_discovery Level 1 discover_packages(path) using defaults
[0.151s] colcon.colcon_core.verb Level 5 set package 'carla_autonomy' build argument 'cmake_args' from command line to 'None'
[0.151s] colcon.colcon_core.verb Level 5 set package 'carla_autonomy' build argument 'cmake_target' from command line to 'None'
[0.151s] colcon.colcon_core.verb Level 5 set package 'carla_autonomy' build argument 'cmake_target_skip_unavailable' from command line to 'False'
[0.151s] colcon.colcon_core.verb Level 5 set package 'carla_autonomy' build argument 'cmake_clean_cache' from command line to 'False'
[0.151s] colcon.colcon_core.verb Level 5 set package 'carla_autonomy' build argument 'cmake_clean_first' from command line to 'False'
[0.151s] colcon.colcon_core.verb Level 5 set package 'carla_autonomy' build argument 'cmake_force_configure' from command line to 'False'
[0.151s] colcon.colcon_core.verb Level 5 set package 'carla_autonomy' build argument 'ament_cmake_args' from command line to 'None'
[0.151s] colcon.colcon_core.verb Level 5 set package 'carla_autonomy' build argument 'catkin_cmake_args' from command line to 'None'
[0.151s] colcon.colcon_core.verb Level 5 set package 'carla_autonomy' build argument 'catkin_skip_building_tests' from command line to 'False'
[0.151s] colcon.colcon_core.verb DEBUG Building package 'carla_autonomy' with the following arguments: {'ament_cmake_args': None, 'build_base': '/home/tom/Desktop/ROS2/ros2_ws/build/carla_autonomy', 'catkin_cmake_args': None, 'catkin_skip_building_tests': False, 'cmake_args': None, 'cmake_clean_cache': False, 'cmake_clean_first': False, 'cmake_force_configure': False, 'cmake_target': None, 'cmake_target_skip_unavailable': False, 'install_base': '/home/tom/Desktop/ROS2/ros2_ws/install/carla_autonomy', 'merge_install': False, 'path': '/home/tom/Desktop/ROS2/ros2_ws/src/carla_autonomy', 'symlink_install': True, 'test_result_base': None}
[0.151s] colcon.colcon_core.executor INFO Executing jobs using 'parallel' executor
[0.152s] colcon.colcon_parallel_executor.executor.parallel DEBUG run_until_complete
[0.152s] colcon.colcon_ros.task.ament_python.build INFO Building ROS package in '/home/tom/Desktop/ROS2/ros2_ws/src/carla_autonomy' with build type 'ament_python'
[0.152s] colcon.colcon_core.shell Level 1 create_environment_hook('carla_autonomy', 'ament_prefix_path')
[0.154s] colcon.colcon_core.plugin_system INFO Skipping extension 'colcon_core.shell.bat': Not used on non-Windows systems
[0.154s] colcon.colcon_core.shell INFO Creating environment hook '/home/tom/Desktop/ROS2/ros2_ws/install/carla_autonomy/share/carla_autonomy/hook/ament_prefix_path.ps1'
[0.155s] colcon.colcon_core.shell INFO Creating environment descriptor '/home/tom/Desktop/ROS2/ros2_ws/install/carla_autonomy/share/carla_autonomy/hook/ament_prefix_path.dsv'
[0.155s] colcon.colcon_core.shell INFO Creating environment hook '/home/tom/Desktop/ROS2/ros2_ws/install/carla_autonomy/share/carla_autonomy/hook/ament_prefix_path.sh'
[0.156s] colcon.colcon_core.shell INFO Skip shell extension 'powershell' for command environment: Not usable outside of PowerShell
[0.156s] colcon.colcon_core.shell DEBUG Skip shell extension 'dsv' for command environment
[0.265s] colcon.colcon_core.task.python.build INFO Building Python package in '/home/tom/Desktop/ROS2/ros2_ws/src/carla_autonomy'
[0.265s] colcon.colcon_core.shell INFO Skip shell extension 'powershell' for command environment: Not usable outside of PowerShell
[0.265s] colcon.colcon_core.shell DEBUG Skip shell extension 'dsv' for command environment
[0.461s] colcon.colcon_core.task.python.build DEBUG Available setuptools commands: bdist, sdist, egg_info, build_py, bdist_egg, easy_install, install_egg_info, build_scripts, dist_info, develop, install_headers, alias, build_ext, bdist_wheel, rotate, build_clib, clean, check, install_scripts, saveopts, install_data, install_lib, setopt, build, bdist_dumb, editable_wheel, bdist_rpm, install, symlink_data
[0.569s] colcon.colcon_core.task.python.build DEBUG Available setuptools 'develop' options: --verbose, --index-url, --quiet, --install-dir, --no-deps, --no-user-cfg, --prefix, --help, --user
[0.569s] colcon.colcon_core.task.python.build INFO No '--editable' capability in setuptools, falling back to full install
[0.571s] colcon.colcon_core.event_handler.log_command DEBUG Invoking command in '/home/tom/Desktop/ROS2/ros2_ws/build/carla_autonomy': CONDA_PROMPT_MODIFIER=(ros2) PYTHONPATH=/home/tom/Desktop/ROS2/ros2_ws/build/carla_autonomy/prefix_override:/home/tom/Desktop/ROS2/envs/ros2/lib/python3.10/site-packages/colcon_core/task/python/colcon_distutils_commands:/home/tom/Desktop/ROS2/ros2_ws/install/carla_autonomy/lib/python3.10/site-packages:${PYTHONPATH} /home/tom/Desktop/ROS2/envs/ros2/bin/python3.10 -W ignore:setup.py install is deprecated -W ignore:easy_install command is deprecated setup.py develop --uninstall --editable --build-directory /home/tom/Desktop/ROS2/ros2_ws/build/carla_autonomy/build
[0.677s] colcon.colcon_core.event_handler.log_command DEBUG Invoked command in '/home/tom/Desktop/ROS2/ros2_ws/build/carla_autonomy' returned '1': CONDA_PROMPT_MODIFIER=(ros2) PYTHONPATH=/home/tom/Desktop/ROS2/ros2_ws/build/carla_autonomy/prefix_override:/home/tom/Desktop/ROS2/envs/ros2/lib/python3.10/site-packages/colcon_core/task/python/colcon_distutils_commands:/home/tom/Desktop/ROS2/ros2_ws/install/carla_autonomy/lib/python3.10/site-packages:${PYTHONPATH} /home/tom/Desktop/ROS2/envs/ros2/bin/python3.10 -W ignore:setup.py install is deprecated -W ignore:easy_install command is deprecated setup.py develop --uninstall --editable --build-directory /home/tom/Desktop/ROS2/ros2_ws/build/carla_autonomy/build
[0.687s] colcon.colcon_parallel_executor.executor.parallel DEBUG closing loop
[0.687s] colcon.colcon_parallel_executor.executor.parallel DEBUG loop closed
[0.687s] colcon.colcon_parallel_executor.executor.parallel DEBUG run_until_complete finished with '1'
[0.687s] colcon.colcon_core.event_reactor DEBUG joining thread
[0.687s] colcon.colcon_core.event_reactor DEBUG joined thread
[0.688s] colcon.colcon_core.shell INFO Creating prefix script '/home/tom/Desktop/ROS2/ros2_ws/install/local_setup.ps1'
[0.690s] colcon.colcon_core.shell INFO Creating prefix util module '/home/tom/Desktop/ROS2/ros2_ws/install/_local_setup_util_ps1.py'
[0.692s] colcon.colcon_core.shell INFO Creating prefix chain script '/home/tom/Desktop/ROS2/ros2_ws/install/setup.ps1'
[0.692s] colcon.colcon_core.shell INFO Creating prefix script '/home/tom/Desktop/ROS2/ros2_ws/install/local_setup.sh'
[0.693s] colcon.colcon_core.shell INFO Creating prefix util module '/home/tom/Desktop/ROS2/ros2_ws/install/_local_setup_util_sh.py'
[0.693s] colcon.colcon_core.shell INFO Creating prefix chain script '/home/tom/Desktop/ROS2/ros2_ws/install/setup.sh'
[0.694s] colcon.colcon_core.shell INFO Creating prefix script '/home/tom/Desktop/ROS2/ros2_ws/install/local_setup.bash'
[0.695s] colcon.colcon_core.shell INFO Creating prefix chain script '/home/tom/Desktop/ROS2/ros2_ws/install/setup.bash'
[0.696s] colcon.colcon_core.shell INFO Creating prefix script '/home/tom/Desktop/ROS2/ros2_ws/install/local_setup.zsh'
[0.696s] colcon.colcon_core.shell INFO Creating prefix chain script '/home/tom/Desktop/ROS2/ros2_ws/install/setup.zsh'
