running develop
running egg_info
creating carla_autonomy.egg-info
writing carla_autonomy.egg-info/PKG-INFO
writing dependency_links to carla_autonomy.egg-info/dependency_links.txt
writing entry points to carla_autonomy.egg-info/entry_points.txt
writing requirements to carla_autonomy.egg-info/requires.txt
writing top-level names to carla_autonomy.egg-info/top_level.txt
writing manifest file 'carla_autonomy.egg-info/SOURCES.txt'
reading manifest file 'carla_autonomy.egg-info/SOURCES.txt'
writing manifest file 'carla_autonomy.egg-info/SOURCES.txt'
running build_ext
Creating /home/tom/Desktop/ROS2/ros2_ws/install/carla_autonomy/lib/python3.10/site-packages/carla-autonomy.egg-link (link to .)
Installing carla_bridge script to /home/tom/Desktop/ROS2/ros2_ws/install/carla_autonomy/lib/carla_autonomy
Installing carla_control script to /home/tom/Desktop/ROS2/ros2_ws/install/carla_autonomy/lib/carla_autonomy

Installed /home/tom/Desktop/ROS2/ros2_ws/build/carla_autonomy
running symlink_data
creating /home/tom/Desktop/ROS2/ros2_ws/install/carla_autonomy/share
creating /home/tom/Desktop/ROS2/ros2_ws/install/carla_autonomy/share/ament_index
creating /home/tom/Desktop/ROS2/ros2_ws/install/carla_autonomy/share/ament_index/resource_index
creating /home/tom/Desktop/ROS2/ros2_ws/install/carla_autonomy/share/ament_index/resource_index/packages
symbolically linking /home/tom/Desktop/ROS2/ros2_ws/build/carla_autonomy/resource/carla_autonomy -> /home/tom/Desktop/ROS2/ros2_ws/install/carla_autonomy/share/ament_index/resource_index/packages
creating /home/tom/Desktop/ROS2/ros2_ws/install/carla_autonomy/share/carla_autonomy
symbolically linking /home/tom/Desktop/ROS2/ros2_ws/build/carla_autonomy/package.xml -> /home/tom/Desktop/ROS2/ros2_ws/install/carla_autonomy/share/carla_autonomy
creating /home/tom/Desktop/ROS2/ros2_ws/install/carla_autonomy/share/carla_autonomy/launch
symbolically linking /home/tom/Desktop/ROS2/ros2_ws/build/carla_autonomy/launch/bridge.launch.py -> /home/tom/Desktop/ROS2/ros2_ws/install/carla_autonomy/share/carla_autonomy/launch
creating /home/tom/Desktop/ROS2/ros2_ws/install/carla_autonomy/share/carla_autonomy/config
symbolically linking /home/tom/Desktop/ROS2/ros2_ws/build/carla_autonomy/config/bridge.yaml -> /home/tom/Desktop/ROS2/ros2_ws/install/carla_autonomy/share/carla_autonomy/config
