[1.584s] Invoking command in '/home/tom/Desktop/ROS2/ros2_ws/build/carla_autonomy': CONDA_PROMPT_MODIFIER=(ros2) PYTHONPATH=/home/tom/Desktop/ROS2/ros2_ws/build/carla_autonomy/prefix_override:/home/tom/Desktop/ROS2/envs/ros2/lib/python3.10/site-packages/colcon_core/task/python/colcon_distutils_commands:/home/tom/Desktop/ROS2/ros2_ws/install/carla_autonomy/lib/python3.10/site-packages:${PYTHONPATH} /home/tom/Desktop/ROS2/envs/ros2/bin/python3.10 -W ignore:setup.py install is deprecated -W ignore:easy_install command is deprecated setup.py develop --editable --build-directory /home/tom/Desktop/ROS2/ros2_ws/build/carla_autonomy/build --no-deps symlink_data
[2.092s] running develop
[2.365s] running egg_info
[2.366s] creating carla_autonomy.egg-info
[2.405s] writing carla_autonomy.egg-info/PKG-INFO
[2.438s] writing dependency_links to carla_autonomy.egg-info/dependency_links.txt
[2.535s] writing entry points to carla_autonomy.egg-info/entry_points.txt
[2.602s] writing requirements to carla_autonomy.egg-info/requires.txt
[2.635s] writing top-level names to carla_autonomy.egg-info/top_level.txt
[2.635s] writing manifest file 'carla_autonomy.egg-info/SOURCES.txt'
[2.684s] reading manifest file 'carla_autonomy.egg-info/SOURCES.txt'
[2.684s] writing manifest file 'carla_autonomy.egg-info/SOURCES.txt'
[2.727s] running build_ext
[2.727s] Creating /home/tom/Desktop/ROS2/ros2_ws/install/carla_autonomy/lib/python3.10/site-packages/carla-autonomy.egg-link (link to .)
[2.727s] Installing carla_bridge script to /home/tom/Desktop/ROS2/ros2_ws/install/carla_autonomy/lib/carla_autonomy
[2.727s] Installing carla_control script to /home/tom/Desktop/ROS2/ros2_ws/install/carla_autonomy/lib/carla_autonomy
[2.728s] 
[2.728s] Installed /home/tom/Desktop/ROS2/ros2_ws/build/carla_autonomy
[2.728s] running symlink_data
[2.728s] creating /home/tom/Desktop/ROS2/ros2_ws/install/carla_autonomy/share
[2.728s] creating /home/tom/Desktop/ROS2/ros2_ws/install/carla_autonomy/share/ament_index
[2.728s] creating /home/tom/Desktop/ROS2/ros2_ws/install/carla_autonomy/share/ament_index/resource_index
[2.728s] creating /home/tom/Desktop/ROS2/ros2_ws/install/carla_autonomy/share/ament_index/resource_index/packages
[2.728s] symbolically linking /home/tom/Desktop/ROS2/ros2_ws/build/carla_autonomy/resource/carla_autonomy -> /home/tom/Desktop/ROS2/ros2_ws/install/carla_autonomy/share/ament_index/resource_index/packages
[2.728s] creating /home/tom/Desktop/ROS2/ros2_ws/install/carla_autonomy/share/carla_autonomy
[2.728s] symbolically linking /home/tom/Desktop/ROS2/ros2_ws/build/carla_autonomy/package.xml -> /home/tom/Desktop/ROS2/ros2_ws/install/carla_autonomy/share/carla_autonomy
[2.728s] creating /home/tom/Desktop/ROS2/ros2_ws/install/carla_autonomy/share/carla_autonomy/launch
[2.728s] symbolically linking /home/tom/Desktop/ROS2/ros2_ws/build/carla_autonomy/launch/bridge.launch.py -> /home/tom/Desktop/ROS2/ros2_ws/install/carla_autonomy/share/carla_autonomy/launch
[2.728s] creating /home/tom/Desktop/ROS2/ros2_ws/install/carla_autonomy/share/carla_autonomy/config
[2.728s] symbolically linking /home/tom/Desktop/ROS2/ros2_ws/build/carla_autonomy/config/bridge.yaml -> /home/tom/Desktop/ROS2/ros2_ws/install/carla_autonomy/share/carla_autonomy/config
[2.752s] Invoked command in '/home/tom/Desktop/ROS2/ros2_ws/build/carla_autonomy' returned '0': CONDA_PROMPT_MODIFIER=(ros2) PYTHONPATH=/home/tom/Desktop/ROS2/ros2_ws/build/carla_autonomy/prefix_override:/home/tom/Desktop/ROS2/envs/ros2/lib/python3.10/site-packages/colcon_core/task/python/colcon_distutils_commands:/home/tom/Desktop/ROS2/ros2_ws/install/carla_autonomy/lib/python3.10/site-packages:${PYTHONPATH} /home/tom/Desktop/ROS2/envs/ros2/bin/python3.10 -W ignore:setup.py install is deprecated -W ignore:easy_install command is deprecated setup.py develop --editable --build-directory /home/tom/Desktop/ROS2/ros2_ws/build/carla_autonomy/build --no-deps symlink_data
