[0.095s] colcon DEBUG Command line arguments: ['/home/tom/Desktop/ROS2/envs/ros2/bin/colcon', 'build', '--symlink-install']
[0.095s] colcon DEBUG Parsed command line arguments: Namespace(log_base=None, log_level=None, verb_name='build', build_base='build', install_base='install', merge_install=False, symlink_install=True, test_result_base=None, continue_on_error=False, executor='parallel', parallel_workers=32, event_handlers=None, ignore_user_meta=False, metas=['./colcon.meta'], base_paths=['.'], packages_ignore=None, packages_ignore_regex=None, paths=None, packages_up_to=None, packages_up_to_regex=None, packages_above=None, packages_above_and_dependencies=None, packages_above_depth=None, packages_select_by_dep=None, packages_skip_by_dep=None, packages_skip_up_to=None, packages_select_build_failed=False, packages_skip_build_finished=False, packages_select_test_failures=False, packages_skip_test_passed=False, packages_select=None, packages_skip=None, packages_select_regex=None, packages_skip_regex=None, packages_start=None, packages_end=None, cmake_args=None, cmake_target=None, cmake_target_skip_unavailable=False, cmake_clean_cache=False, cmake_clean_first=False, cmake_force_configure=False, ament_cmake_args=None, catkin_cmake_args=None, catkin_skip_building_tests=False, verb_parser=<colcon_defaults.argument_parser.defaults.DefaultArgumentsDecorator object at 0x723c96cfd7b0>, verb_extension=<colcon_core.verb.build.BuildVerb object at 0x723c96cfd1e0>, main=<bound method BuildVerb.main of <colcon_core.verb.build.BuildVerb object at 0x723c96cfd1e0>>)
[0.182s] colcon.colcon_core.package_discovery Level 1 discover_packages(colcon_meta) check parameters
[0.182s] colcon.colcon_core.package_discovery Level 1 discover_packages(recursive) check parameters
[0.182s] colcon.colcon_core.package_discovery Level 1 discover_packages(ignore) check parameters
[0.182s] colcon.colcon_core.package_discovery Level 1 discover_packages(path) check parameters
[0.182s] colcon.colcon_core.package_discovery Level 1 discover_packages(colcon_meta) discover
[0.182s] colcon.colcon_core.package_discovery Level 1 discover_packages(recursive) discover
[0.182s] colcon.colcon_core.package_discovery INFO Crawling recursively for packages in '/home/tom/Desktop/ROS2/ros2_ws'
[0.182s] colcon.colcon_core.package_identification Level 1 _identify(.) by extensions ['ignore', 'ignore_ament_install']
[0.182s] colcon.colcon_core.package_identification Level 1 _identify(.) by extension 'ignore'
[0.182s] colcon.colcon_core.package_identification Level 1 _identify(.) by extension 'ignore_ament_install'
[0.182s] colcon.colcon_core.package_identification Level 1 _identify(.) by extensions ['colcon_pkg']
[0.182s] colcon.colcon_core.package_identification Level 1 _identify(.) by extension 'colcon_pkg'
[0.182s] colcon.colcon_core.package_identification Level 1 _identify(.) by extensions ['colcon_meta']
[0.182s] colcon.colcon_core.package_identification Level 1 _identify(.) by extension 'colcon_meta'
[0.182s] colcon.colcon_core.package_identification Level 1 _identify(.) by extensions ['ros']
[0.182s] colcon.colcon_core.package_identification Level 1 _identify(.) by extension 'ros'
[0.209s] colcon.colcon_core.package_identification Level 1 _identify(.) by extensions ['cmake', 'python']
[0.209s] colcon.colcon_core.package_identification Level 1 _identify(.) by extension 'cmake'
[0.209s] colcon.colcon_core.package_identification Level 1 _identify(.) by extension 'python'
[0.209s] colcon.colcon_core.package_identification Level 1 _identify(.) by extensions ['python_setup_py']
[0.209s] colcon.colcon_core.package_identification Level 1 _identify(.) by extension 'python_setup_py'
[0.209s] colcon.colcon_core.package_identification Level 1 _identify(build) by extensions ['ignore', 'ignore_ament_install']
[0.209s] colcon.colcon_core.package_identification Level 1 _identify(build) by extension 'ignore'
[0.209s] colcon.colcon_core.package_identification Level 1 _identify(build) ignored
[0.210s] colcon.colcon_core.package_identification Level 1 _identify(install) by extensions ['ignore', 'ignore_ament_install']
[0.210s] colcon.colcon_core.package_identification Level 1 _identify(install) by extension 'ignore'
[0.210s] colcon.colcon_core.package_identification Level 1 _identify(install) ignored
[0.210s] colcon.colcon_core.package_identification Level 1 _identify(log) by extensions ['ignore', 'ignore_ament_install']
[0.210s] colcon.colcon_core.package_identification Level 1 _identify(log) by extension 'ignore'
[0.210s] colcon.colcon_core.package_identification Level 1 _identify(log) ignored
[0.210s] colcon.colcon_core.package_identification Level 1 _identify(src) by extensions ['ignore', 'ignore_ament_install']
[0.210s] colcon.colcon_core.package_identification Level 1 _identify(src) by extension 'ignore'
[0.210s] colcon.colcon_core.package_identification Level 1 _identify(src) by extension 'ignore_ament_install'
[0.210s] colcon.colcon_core.package_identification Level 1 _identify(src) by extensions ['colcon_pkg']
[0.210s] colcon.colcon_core.package_identification Level 1 _identify(src) by extension 'colcon_pkg'
[0.210s] colcon.colcon_core.package_identification Level 1 _identify(src) by extensions ['colcon_meta']
[0.210s] colcon.colcon_core.package_identification Level 1 _identify(src) by extension 'colcon_meta'
[0.210s] colcon.colcon_core.package_identification Level 1 _identify(src) by extensions ['ros']
[0.210s] colcon.colcon_core.package_identification Level 1 _identify(src) by extension 'ros'
[0.210s] colcon.colcon_core.package_identification Level 1 _identify(src) by extensions ['cmake', 'python']
[0.210s] colcon.colcon_core.package_identification Level 1 _identify(src) by extension 'cmake'
[0.210s] colcon.colcon_core.package_identification Level 1 _identify(src) by extension 'python'
[0.210s] colcon.colcon_core.package_identification Level 1 _identify(src) by extensions ['python_setup_py']
[0.210s] colcon.colcon_core.package_identification Level 1 _identify(src) by extension 'python_setup_py'
[0.210s] colcon.colcon_core.package_identification Level 1 _identify(src/carla_autonomy) by extensions ['ignore', 'ignore_ament_install']
[0.210s] colcon.colcon_core.package_identification Level 1 _identify(src/carla_autonomy) by extension 'ignore'
[0.210s] colcon.colcon_core.package_identification Level 1 _identify(src/carla_autonomy) by extension 'ignore_ament_install'
[0.210s] colcon.colcon_core.package_identification Level 1 _identify(src/carla_autonomy) by extensions ['colcon_pkg']
[0.210s] colcon.colcon_core.package_identification Level 1 _identify(src/carla_autonomy) by extension 'colcon_pkg'
[0.210s] colcon.colcon_core.package_identification Level 1 _identify(src/carla_autonomy) by extensions ['colcon_meta']
[0.210s] colcon.colcon_core.package_identification Level 1 _identify(src/carla_autonomy) by extension 'colcon_meta'
[0.210s] colcon.colcon_core.package_identification Level 1 _identify(src/carla_autonomy) by extensions ['ros']
[0.210s] colcon.colcon_core.package_identification Level 1 _identify(src/carla_autonomy) by extension 'ros'
[0.212s] colcon.colcon_core.package_identification DEBUG Package 'src/carla_autonomy' with type 'ros.ament_python' and name 'carla_autonomy'
[0.212s] colcon.colcon_core.package_discovery Level 1 discover_packages(recursive) using defaults
[0.213s] colcon.colcon_core.package_discovery Level 1 discover_packages(ignore) discover
[0.213s] colcon.colcon_core.package_discovery Level 1 discover_packages(ignore) using defaults
[0.213s] colcon.colcon_core.package_discovery Level 1 discover_packages(path) discover
[0.213s] colcon.colcon_core.package_discovery Level 1 discover_packages(path) using defaults
[0.224s] colcon.colcon_core.verb Level 5 set package 'carla_autonomy' build argument 'cmake_args' from command line to 'None'
[0.224s] colcon.colcon_core.verb Level 5 set package 'carla_autonomy' build argument 'cmake_target' from command line to 'None'
[0.224s] colcon.colcon_core.verb Level 5 set package 'carla_autonomy' build argument 'cmake_target_skip_unavailable' from command line to 'False'
[0.224s] colcon.colcon_core.verb Level 5 set package 'carla_autonomy' build argument 'cmake_clean_cache' from command line to 'False'
[0.224s] colcon.colcon_core.verb Level 5 set package 'carla_autonomy' build argument 'cmake_clean_first' from command line to 'False'
[0.224s] colcon.colcon_core.verb Level 5 set package 'carla_autonomy' build argument 'cmake_force_configure' from command line to 'False'
[0.224s] colcon.colcon_core.verb Level 5 set package 'carla_autonomy' build argument 'ament_cmake_args' from command line to 'None'
[0.224s] colcon.colcon_core.verb Level 5 set package 'carla_autonomy' build argument 'catkin_cmake_args' from command line to 'None'
[0.224s] colcon.colcon_core.verb Level 5 set package 'carla_autonomy' build argument 'catkin_skip_building_tests' from command line to 'False'
[0.224s] colcon.colcon_core.verb DEBUG Building package 'carla_autonomy' with the following arguments: {'ament_cmake_args': None, 'build_base': '/home/tom/Desktop/ROS2/ros2_ws/build/carla_autonomy', 'catkin_cmake_args': None, 'catkin_skip_building_tests': False, 'cmake_args': None, 'cmake_clean_cache': False, 'cmake_clean_first': False, 'cmake_force_configure': False, 'cmake_target': None, 'cmake_target_skip_unavailable': False, 'install_base': '/home/tom/Desktop/ROS2/ros2_ws/install/carla_autonomy', 'merge_install': False, 'path': '/home/tom/Desktop/ROS2/ros2_ws/src/carla_autonomy', 'symlink_install': True, 'test_result_base': None}
[0.224s] colcon.colcon_core.executor INFO Executing jobs using 'parallel' executor
[0.225s] colcon.colcon_parallel_executor.executor.parallel DEBUG run_until_complete
[0.226s] colcon.colcon_ros.task.ament_python.build INFO Building ROS package in '/home/tom/Desktop/ROS2/ros2_ws/src/carla_autonomy' with build type 'ament_python'
[0.226s] colcon.colcon_core.shell Level 1 create_environment_hook('carla_autonomy', 'ament_prefix_path')
[0.227s] colcon.colcon_core.plugin_system INFO Skipping extension 'colcon_core.shell.bat': Not used on non-Windows systems
[0.227s] colcon.colcon_core.shell INFO Creating environment hook '/home/tom/Desktop/ROS2/ros2_ws/install/carla_autonomy/share/carla_autonomy/hook/ament_prefix_path.ps1'
[0.228s] colcon.colcon_core.shell INFO Creating environment descriptor '/home/tom/Desktop/ROS2/ros2_ws/install/carla_autonomy/share/carla_autonomy/hook/ament_prefix_path.dsv'
[0.228s] colcon.colcon_core.shell INFO Creating environment hook '/home/tom/Desktop/ROS2/ros2_ws/install/carla_autonomy/share/carla_autonomy/hook/ament_prefix_path.sh'
[0.229s] colcon.colcon_core.shell INFO Skip shell extension 'powershell' for command environment: Not usable outside of PowerShell
[0.229s] colcon.colcon_core.shell DEBUG Skip shell extension 'dsv' for command environment
[0.692s] colcon.colcon_core.task.python.build INFO Building Python package in '/home/tom/Desktop/ROS2/ros2_ws/src/carla_autonomy'
[0.692s] colcon.colcon_core.shell INFO Skip shell extension 'powershell' for command environment: Not usable outside of PowerShell
[0.692s] colcon.colcon_core.shell DEBUG Skip shell extension 'dsv' for command environment
[1.304s] colcon.colcon_core.task.python.build DEBUG Available setuptools commands: bdist_rpm, register, install_egg_info, install_scripts, build_ext, dist_info, setopt, check, build_scripts, upload_docs, install_data, easy_install, install, build_py, bdist_dumb, clean, bdist_egg, install_headers, bdist_wininst, bdist_wheel, upload, test, sdist, install_lib, develop, egg_info, build_clib, saveopts, alias, rotate, bdist, build, symlink_data
[1.819s] colcon.colcon_core.task.python.build DEBUG Available setuptools 'develop' options: --script-dir, --optimize, --exclude-scripts, --prefix, --no-find-links, --find-links, --always-copy, --uninstall, --multi-version, --local-snapshots-ok, --zip-ok, --dry-run, --site-dirs, --install-dir, --no-deps, --help, --allow-hosts, --quiet, --version, --build-directory, --editable, --egg-path, --record, --upgrade, --user, --verbose, --always-unzip, --index-url, --no-user-cfg
[1.821s] colcon.colcon_core.event_handler.log_command DEBUG Invoking command in '/home/tom/Desktop/ROS2/ros2_ws/build/carla_autonomy': CONDA_PROMPT_MODIFIER=(ros2) PYTHONPATH=/home/tom/Desktop/ROS2/ros2_ws/build/carla_autonomy/prefix_override:/home/tom/Desktop/ROS2/envs/ros2/lib/python3.10/site-packages/colcon_core/task/python/colcon_distutils_commands:/home/tom/Desktop/ROS2/ros2_ws/install/carla_autonomy/lib/python3.10/site-packages:${PYTHONPATH} /home/tom/Desktop/ROS2/envs/ros2/bin/python3.10 -W ignore:setup.py install is deprecated -W ignore:easy_install command is deprecated setup.py develop --editable --build-directory /home/tom/Desktop/ROS2/ros2_ws/build/carla_autonomy/build --no-deps symlink_data
[3.007s] colcon.colcon_core.shell Level 1 create_environment_hook('carla_autonomy', 'pythonpath_develop')
[3.007s] colcon.colcon_core.shell INFO Creating environment hook '/home/tom/Desktop/ROS2/ros2_ws/build/carla_autonomy/share/carla_autonomy/hook/pythonpath_develop.ps1'
[3.008s] colcon.colcon_core.shell INFO Creating environment descriptor '/home/tom/Desktop/ROS2/ros2_ws/build/carla_autonomy/share/carla_autonomy/hook/pythonpath_develop.dsv'
[3.009s] colcon.colcon_core.event_handler.log_command DEBUG Invoked command in '/home/tom/Desktop/ROS2/ros2_ws/build/carla_autonomy' returned '0': CONDA_PROMPT_MODIFIER=(ros2) PYTHONPATH=/home/tom/Desktop/ROS2/ros2_ws/build/carla_autonomy/prefix_override:/home/tom/Desktop/ROS2/envs/ros2/lib/python3.10/site-packages/colcon_core/task/python/colcon_distutils_commands:/home/tom/Desktop/ROS2/ros2_ws/install/carla_autonomy/lib/python3.10/site-packages:${PYTHONPATH} /home/tom/Desktop/ROS2/envs/ros2/bin/python3.10 -W ignore:setup.py install is deprecated -W ignore:easy_install command is deprecated setup.py develop --editable --build-directory /home/tom/Desktop/ROS2/ros2_ws/build/carla_autonomy/build --no-deps symlink_data
[3.009s] colcon.colcon_core.shell INFO Creating environment hook '/home/tom/Desktop/ROS2/ros2_ws/build/carla_autonomy/share/carla_autonomy/hook/pythonpath_develop.sh'
[3.011s] colcon.colcon_core.environment Level 1 checking '/home/tom/Desktop/ROS2/ros2_ws/install/carla_autonomy' for CMake module files
[3.011s] colcon.colcon_core.environment Level 1 checking '/home/tom/Desktop/ROS2/ros2_ws/install/carla_autonomy' for CMake config files
[3.011s] colcon.colcon_core.environment Level 1 checking '/home/tom/Desktop/ROS2/ros2_ws/install/carla_autonomy/lib'
[3.011s] colcon.colcon_core.environment Level 1 checking '/home/tom/Desktop/ROS2/ros2_ws/install/carla_autonomy/bin'
[3.011s] colcon.colcon_core.environment Level 1 checking '/home/tom/Desktop/ROS2/ros2_ws/install/carla_autonomy/lib/pkgconfig/carla_autonomy.pc'
[3.012s] colcon.colcon_core.environment Level 1 checking '/home/tom/Desktop/ROS2/ros2_ws/install/carla_autonomy/lib/python3.10/site-packages'
[3.012s] colcon.colcon_core.shell Level 1 create_environment_hook('carla_autonomy', 'pythonpath')
[3.012s] colcon.colcon_core.shell INFO Creating environment hook '/home/tom/Desktop/ROS2/ros2_ws/install/carla_autonomy/share/carla_autonomy/hook/pythonpath.ps1'
[3.012s] colcon.colcon_core.shell INFO Creating environment descriptor '/home/tom/Desktop/ROS2/ros2_ws/install/carla_autonomy/share/carla_autonomy/hook/pythonpath.dsv'
[3.013s] colcon.colcon_core.shell INFO Creating environment hook '/home/tom/Desktop/ROS2/ros2_ws/install/carla_autonomy/share/carla_autonomy/hook/pythonpath.sh'
[3.013s] colcon.colcon_core.environment Level 1 checking '/home/tom/Desktop/ROS2/ros2_ws/install/carla_autonomy/bin'
[3.013s] colcon.colcon_core.environment Level 1 create_environment_scripts_only(carla_autonomy)
[3.014s] colcon.colcon_core.shell INFO Creating package script '/home/tom/Desktop/ROS2/ros2_ws/install/carla_autonomy/share/carla_autonomy/package.ps1'
[3.015s] colcon.colcon_core.shell INFO Creating package descriptor '/home/tom/Desktop/ROS2/ros2_ws/install/carla_autonomy/share/carla_autonomy/package.dsv'
[3.015s] colcon.colcon_core.shell INFO Creating package script '/home/tom/Desktop/ROS2/ros2_ws/install/carla_autonomy/share/carla_autonomy/package.sh'
[3.016s] colcon.colcon_core.shell INFO Creating package script '/home/tom/Desktop/ROS2/ros2_ws/install/carla_autonomy/share/carla_autonomy/package.bash'
[3.017s] colcon.colcon_core.shell INFO Creating package script '/home/tom/Desktop/ROS2/ros2_ws/install/carla_autonomy/share/carla_autonomy/package.zsh'
[3.018s] colcon.colcon_core.environment Level 1 create_file_with_runtime_dependencies(/home/tom/Desktop/ROS2/ros2_ws/install/carla_autonomy/share/colcon-core/packages/carla_autonomy)
[3.018s] colcon.colcon_parallel_executor.executor.parallel DEBUG closing loop
[3.018s] colcon.colcon_parallel_executor.executor.parallel DEBUG loop closed
[3.018s] colcon.colcon_parallel_executor.executor.parallel DEBUG run_until_complete finished with '0'
[3.018s] colcon.colcon_core.event_reactor DEBUG joining thread
[3.019s] colcon.colcon_core.event_reactor DEBUG joined thread
[3.019s] colcon.colcon_core.shell INFO Creating prefix script '/home/tom/Desktop/ROS2/ros2_ws/install/local_setup.ps1'
[3.020s] colcon.colcon_core.shell INFO Creating prefix util module '/home/tom/Desktop/ROS2/ros2_ws/install/_local_setup_util_ps1.py'
[3.021s] colcon.colcon_core.shell INFO Creating prefix chain script '/home/tom/Desktop/ROS2/ros2_ws/install/setup.ps1'
[3.022s] colcon.colcon_core.shell INFO Creating prefix script '/home/tom/Desktop/ROS2/ros2_ws/install/local_setup.sh'
[3.023s] colcon.colcon_core.shell INFO Creating prefix util module '/home/tom/Desktop/ROS2/ros2_ws/install/_local_setup_util_sh.py'
[3.023s] colcon.colcon_core.shell INFO Creating prefix chain script '/home/tom/Desktop/ROS2/ros2_ws/install/setup.sh'
[3.024s] colcon.colcon_core.shell INFO Creating prefix script '/home/tom/Desktop/ROS2/ros2_ws/install/local_setup.bash'
[3.025s] colcon.colcon_core.shell INFO Creating prefix chain script '/home/tom/Desktop/ROS2/ros2_ws/install/setup.bash'
[3.026s] colcon.colcon_core.shell INFO Creating prefix script '/home/tom/Desktop/ROS2/ros2_ws/install/local_setup.zsh'
[3.026s] colcon.colcon_core.shell INFO Creating prefix chain script '/home/tom/Desktop/ROS2/ros2_ws/install/setup.zsh'
